// Jest Snapshot v1, https://goo.gl/fbAQLP

exports[`<ButtonAv /> should match snapshot 1`] = `
<DocumentFragment>
  <button
    class=" bg-white hover:bg-gray-100 text-gray-800 font-semibold py-2 px-4 border border-gray-400 rounded shadow m-2"
  >
    Text
  </button>
</DocumentFragment>
`;
